┌┐4R┌────┐
└┼─┐│┌┐R┌┘
R│┌┼┼┼┘┌┼┐
┌┼┼┘│└┐│└┘
││└─┼┐└┼┐R
└┼──┼┼┐└┼┐
┌┘┌─┼┘│┌┘│
└┐└─┼─┘│2│
┌┼┐5│1┌┼┐│
││└─┼┐││││
└┘3R└┘└┘└┘

#OFTURNS

ADULT
