297541386
358796412
164832597
532418769
876359241
419267835
643175928
781924653
925683174

111121112
000010001
000010001
000010001
111121112
000010001
000010001
000010001
000010001

352149867
684573219
971682435
243851796
568794321
197326584
826417953
439265178
715938642

100010000
100010000
100010000
100010000
100010000
100010000
100010000
100010000
211121111

0 0 12121313138 8 
0 0 12121313138 8 
181812122323232344
181829294941343444
545656564941343444
545656564941518080
545656564960608080
547474744960608080
547474744960608080

001000101
001000101
001000101
001000101
112111212
001000101
001000101
001000101
112111212

0 0 2 2 2 1515158 
0 0 13131315151526
383838212123233426
383838212123233426
383838404023233426
383838494949494926
636363636359596161
636363636359596161
737373787878786161

001010101
001010101
001010101
001010101
112121212
001010101
112121212
001010101
001010101

███     █
 ████ ███
   █  ███
██ █   █ 
█  █  ██ 
█  ██████
██   █  █
 █████ ██
  ████  █

111121211
000010100
000010100
000010100
000010100
000010100
111121211
000010100
111121211

███    ██
  █ █  ██
  ███ ███
███████  
█     ██ 
██   ████
███     █
██████  █
  █ ██ ██

112111112
001000001
112111112
001000001
001000001
001000001
001000001
001000001
001000001

ROCKETTAKEOFFSIX
