YTEINTCEDO
QBPNOWATWD
SYMUREFTDA
LWUREVLCYN
GCWORAEXAA
RRLSRESRIS

RRRWWWYYWB
RRRWWWYYWB
RRRBBBYYWB
WWWBBBYYWB
WWWBBBRRRW
YYYYWWRRRW

REVERSEARROWS
ROTATECWNINETY
REFLECTYAXISANDADDTWO
TWOTWENTYYARDSUNIT
