7 7 7 7 4 4 20
7 7 7 7 4 4 20
14161617171720
14313131323434
28313131323434
28313131414141
28444444414141

Unique solution
